C:\Users\Scoles\Documents\MCUXpressoIDE_11.4.1_6260\workspace\CMSISv2p00_LPC17xx\inc/core_cm3.h:928:22:NVIC_EnableIRQ	16	static
C:\Users\Scoles\Documents\MCUXpressoIDE_11.4.1_6260\workspace\CMSISv2p00_LPC17xx\inc/core_cm3.h:941:22:NVIC_DisableIRQ	16	static
C:\Users\Scoles\Documents\MCUXpressoIDE_11.4.1_6260\workspace\CMSISv2p00_LPC17xx\inc/core_cm3.h:1012:22:NVIC_SetPriority	16	static
../src/main.c:79:5:main	8	static
../src/main.c:121:6:estadosAdmin	16	static
../src/main.c:162:6:surtirHastaLlenar	4	static
../src/main.c:166:6:surtirPorCapture	8	static
../src/main.c:171:6:resetEstados	4	static
../src/main.c:177:6:resetBufferTeclado	16	static
../src/main.c:184:7:calcularCostoPorTiempo	16	static
../src/main.c:196:6:configurarPuertosTeclado	16	static
../src/main.c:209:6:confIntGPIOPorEINT	16	static
../src/main.c:219:6:loopTeclado	32	static
../src/main.c:251:6:EINT3_IRQHandler	16	static
../src/main.c:267:6:configurarCapture	4	static
../src/main.c:281:6:iniciarCapture	8	static
../src/main.c:289:6:TIMER0_IRQHandler	4	static
../src/main.c:305:6:dashabilitarCapture	8	static
../src/main.c:316:6:configurarEINT2	8	static
../src/main.c:324:6:EINT2_IRQHandler	8	static
