C:\Users\Scoles\Documents\MCUXpressoIDE_11.4.1_6260\workspace\CMSISv2p00_LPC17xx\inc/core_cm3.h:928:22:NVIC_EnableIRQ	16	static
C:\Users\Scoles\Documents\MCUXpressoIDE_11.4.1_6260\workspace\CMSISv2p00_LPC17xx\inc/core_cm3.h:941:22:NVIC_DisableIRQ	16	static
C:\Users\Scoles\Documents\MCUXpressoIDE_11.4.1_6260\workspace\CMSISv2p00_LPC17xx\inc/core_cm3.h:1012:22:NVIC_SetPriority	16	static
../src/main.c:71:5:main	8	static
../src/main.c:112:6:estadosAdmin	16	static
../src/main.c:152:6:surtirHastaLlenar	4	static
../src/main.c:156:6:surtirHastaClickear	4	static
../src/main.c:160:6:resetEstados	4	static
../src/main.c:166:6:resetBufferTeclado	16	static
../src/main.c:173:7:calcularCosto	16	static
../src/main.c:185:6:configurarPuertosTeclado	16	static
../src/main.c:198:6:loopTeclado	48	static
../src/main.c:228:6:confIntGPIOPorEINT	16	static
../src/main.c:237:6:EINT3_IRQHandler	16	static
../src/main.c:247:6:TIMER0_IRQHandler	16	static
../src/main.c:265:6:configurarCapture	8	static
../src/main.c:280:6:iniciarCapture	4	static
