C:\Users\Scoles\Documents\MCUXpressoIDE_11.4.1_6260\workspace\CMSISv2p00_LPC17xx\inc/core_cm3.h:928:22:NVIC_EnableIRQ	16	static
C:\Users\Scoles\Documents\MCUXpressoIDE_11.4.1_6260\workspace\CMSISv2p00_LPC17xx\inc/core_cm3.h:941:22:NVIC_DisableIRQ	16	static
C:\Users\Scoles\Documents\MCUXpressoIDE_11.4.1_6260\workspace\CMSISv2p00_LPC17xx\inc/core_cm3.h:1012:22:NVIC_SetPriority	16	static
../src/main.c:75:5:main	8	static
../src/main.c:116:6:estadosAdmin	16	static
../src/main.c:156:6:surtirHastaLlenar	4	static
../src/main.c:160:6:surtirHastaClickear	4	static
../src/main.c:164:6:resetEstados	4	static
../src/main.c:170:6:resetBufferTeclado	16	static
../src/main.c:177:7:calcularCosto	16	static
../src/main.c:189:6:configurarPuertosTeclado	16	static
../src/main.c:202:6:loopTeclado	64	static
../src/main.c:252:6:confIntGPIOPorEINT	16	static
../src/main.c:261:6:EINT3_IRQHandler	16	static
../src/main.c:271:6:TIMER0_IRQHandler	16	static
../src/main.c:289:6:configurarCapture	8	static
../src/main.c:304:6:iniciarCapture	4	static
