C:\Users\Scoles\Documents\MCUXpressoIDE_11.4.1_6260\workspace\CMSISv2p00_LPC17xx\inc/core_cm3.h:928:22:NVIC_EnableIRQ	16	static
C:\Users\Scoles\Documents\MCUXpressoIDE_11.4.1_6260\workspace\CMSISv2p00_LPC17xx\inc/core_cm3.h:941:22:NVIC_DisableIRQ	16	static
C:\Users\Scoles\Documents\MCUXpressoIDE_11.4.1_6260\workspace\CMSISv2p00_LPC17xx\inc/core_cm3.h:1012:22:NVIC_SetPriority	16	static
../src/main.c:91:5:main	8	static
../src/main.c:133:6:estadosAdmin	16	static
../src/main.c:174:6:surtirHastaLlenar	4	static
../src/main.c:178:6:surtirPorCapture	8	static
../src/main.c:183:6:resetEstados	4	static
../src/main.c:189:6:resetBufferTeclado	16	static
../src/main.c:196:7:calcularCostoPorTiempo	16	static
../src/main.c:208:6:configurarPuertosTeclado	16	static
../src/main.c:221:6:confIntGPIOPorEINT	16	static
../src/main.c:231:6:loopTeclado	24	static
../src/main.c:261:6:EINT3_IRQHandler	16	static
../src/main.c:276:6:configurarCapture	4	static
../src/main.c:290:6:iniciarCapture	8	static
../src/main.c:298:6:TIMER0_IRQHandler	4	static
../src/main.c:316:6:dashabilitarCapture	8	static
../src/main.c:327:6:configurarEINT2	8	static
../src/main.c:335:6:EINT2_IRQHandler	8	static
../src/main.c:347:6:configurarAdc	24	static
../src/main.c:369:6:habilitarAdc	8	static
../src/main.c:376:6:deshabilitarAdc	8	static
../src/main.c:382:6:ADC_IRQHandler	16	static
