C:\Users\Scoles\Documents\MCUXpressoIDE_11.4.1_6260\workspace\CMSISv2p00_LPC17xx\inc/core_cm3.h:928:22:NVIC_EnableIRQ	16	static
C:\Users\Scoles\Documents\MCUXpressoIDE_11.4.1_6260\workspace\CMSISv2p00_LPC17xx\inc/core_cm3.h:941:22:NVIC_DisableIRQ	16	static
C:\Users\Scoles\Documents\MCUXpressoIDE_11.4.1_6260\workspace\CMSISv2p00_LPC17xx\inc/core_cm3.h:1012:22:NVIC_SetPriority	16	static
../src/main.c:78:5:main	8	static
../src/main.c:123:6:estadosAdmin	16	static
../src/main.c:164:6:surtirHastaLlenar	4	static
../src/main.c:168:6:surtirPorCapture	8	static
../src/main.c:172:6:resetEstados	4	static
../src/main.c:178:6:resetBufferTeclado	16	static
../src/main.c:185:7:calcularCosto	16	static
../src/main.c:197:6:configurarPuertosTeclado	16	static
../src/main.c:210:6:confIntGPIOPorEINT	16	static
../src/main.c:220:6:loopTeclado	32	static
../src/main.c:252:6:EINT3_IRQHandler	16	static
../src/main.c:268:6:configurarCapture	4	static
../src/main.c:282:6:iniciarCapture	8	static
../src/main.c:290:6:TIMER0_IRQHandler	4	static
../src/main.c:306:6:dashabilitarCapture	8	static
../src/main.c:317:6:configurarEINT2	8	static
../src/main.c:325:6:EINT2_IRQHandler	8	static
