C:\Users\Scoles\Documents\MCUXpressoIDE_11.4.1_6260\workspace\CMSISv2p00_LPC17xx\inc/core_cm3.h:928:22:NVIC_EnableIRQ	16	static
C:\Users\Scoles\Documents\MCUXpressoIDE_11.4.1_6260\workspace\CMSISv2p00_LPC17xx\inc/core_cm3.h:941:22:NVIC_DisableIRQ	16	static
C:\Users\Scoles\Documents\MCUXpressoIDE_11.4.1_6260\workspace\CMSISv2p00_LPC17xx\inc/core_cm3.h:1012:22:NVIC_SetPriority	16	static
../src/main.c:76:5:main	8	static
../src/main.c:119:6:estadosAdmin	16	static
../src/main.c:160:6:surtirHastaLlenar	4	static
../src/main.c:164:6:surtirHastaClickear	4	static
../src/main.c:168:6:resetEstados	4	static
../src/main.c:174:6:resetBufferTeclado	16	static
../src/main.c:181:7:calcularCosto	16	static
../src/main.c:193:6:configurarPuertosTeclado	16	static
../src/main.c:206:6:confIntGPIOPorEINT	16	static
../src/main.c:216:6:loopTeclado	32	static
../src/main.c:248:6:EINT3_IRQHandler	16	static
../src/main.c:261:6:TIMER0_IRQHandler	4	static
../src/main.c:279:6:configurarCapture	8	static
../src/main.c:294:6:iniciarCapture	4	static
../src/main.c:301:6:dashabilitarCapture	4	static
