Archive member included to satisfy reference by file (symbol)

C:\Users\Scoles\Documents\MCUXpressoIDE_11.4.1_6260\workspace\CMSISv2p00_LPC17xx\Debug\libCMSISv2p00_LPC17xx.a(system_LPC17xx.o)
                              ./src/cr_startup_lpc175x_6x.o (SystemInit)
c:/nxp/mcuxpressoide_11.4.1_6260/ide/plugins/com.nxp.mcuxpresso.tools.win32_11.4.0.202103011116/tools/bin/../lib/gcc/arm-none-eabi/10.2.1/../../../../arm-none-eabi/lib/thumb/v7-m/nofp\libcr_c.a(__weak__main.o)
                              ./src/cr_startup_lpc175x_6x.o (__main)
c:/nxp/mcuxpressoide_11.4.1_6260/ide/plugins/com.nxp.mcuxpresso.tools.win32_11.4.0.202103011116/tools/bin/../lib/gcc/arm-none-eabi/10.2.1/thumb/v7-m/nofp\libcr_eabihelpers.a(division_64.o)
                              C:\Users\Scoles\Documents\MCUXpressoIDE_11.4.1_6260\workspace\CMSISv2p00_LPC17xx\Debug\libCMSISv2p00_LPC17xx.a(system_LPC17xx.o) (__aeabi_ldivmod)
c:/nxp/mcuxpressoide_11.4.1_6260/ide/plugins/com.nxp.mcuxpresso.tools.win32_11.4.0.202103011116/tools/bin/../lib/gcc/arm-none-eabi/10.2.1/thumb/v7-m/nofp\libcr_eabihelpers.a(division_idiv0.o)
                              c:/nxp/mcuxpressoide_11.4.1_6260/ide/plugins/com.nxp.mcuxpresso.tools.win32_11.4.0.202103011116/tools/bin/../lib/gcc/arm-none-eabi/10.2.1/thumb/v7-m/nofp\libcr_eabihelpers.a(division_64.o) (__aeabi_idiv0)

Discarded input sections

 .group         0x00000000        0xc ./src/Teclado.o
 .group         0x00000000        0xc ./src/Teclado.o
 .group         0x00000000        0xc ./src/Teclado.o
 .group         0x00000000        0xc ./src/Teclado.o
 .group         0x00000000        0xc ./src/Teclado.o
 .group         0x00000000        0xc ./src/Teclado.o
 .group         0x00000000        0xc ./src/Teclado.o
 .group         0x00000000        0xc ./src/Teclado.o
 .group         0x00000000        0xc ./src/Teclado.o
 .group         0x00000000        0xc ./src/Teclado.o
 .text          0x00000000        0x0 ./src/Teclado.o
 .data          0x00000000        0x0 ./src/Teclado.o
 .bss           0x00000000        0x0 ./src/Teclado.o
 .text.NVIC_SetPriority
                0x00000000       0x54 ./src/Teclado.o
 .text.configurarPuertosTeclado
                0x00000000       0x60 ./src/Teclado.o
 .text.confIntGPIOPorEINT
                0x00000000       0x6c ./src/Teclado.o
 .group         0x00000000        0xc ./src/Uart.o
 .group         0x00000000        0xc ./src/Uart.o
 .group         0x00000000        0xc ./src/Uart.o
 .group         0x00000000        0xc ./src/Uart.o
 .group         0x00000000        0xc ./src/Uart.o
 .group         0x00000000        0xc ./src/Uart.o
 .group         0x00000000        0xc ./src/Uart.o
 .group         0x00000000        0xc ./src/Uart.o
 .group         0x00000000        0xc ./src/Uart.o
 .group         0x00000000        0xc ./src/Uart.o
 .text          0x00000000        0x0 ./src/Uart.o
 .data          0x00000000        0x0 ./src/Uart.o
 .bss           0x00000000        0x0 ./src/Uart.o
 .text.configurarUart3
                0x00000000       0x70 ./src/Uart.o
 .text.enviarChar
                0x00000000       0x30 ./src/Uart.o
 .debug_info    0x00000000      0x672 ./src/Uart.o
 .debug_abbrev  0x00000000      0x168 ./src/Uart.o
 .debug_aranges
                0x00000000       0x28 ./src/Uart.o
 .debug_ranges  0x00000000       0x18 ./src/Uart.o
 .debug_macro   0x00000000       0x7e ./src/Uart.o
 .debug_macro   0x00000000      0xa7e ./src/Uart.o
 .debug_macro   0x00000000       0x1c ./src/Uart.o
 .debug_macro   0x00000000       0x2e ./src/Uart.o
 .debug_macro   0x00000000       0x10 ./src/Uart.o
 .debug_macro   0x00000000      0x12e ./src/Uart.o
 .debug_macro   0x00000000      0x5b3 ./src/Uart.o
 .debug_macro   0x00000000       0x18 ./src/Uart.o
 .debug_macro   0x00000000      0x7af ./src/Uart.o
 .debug_macro   0x00000000      0x2c7 ./src/Uart.o
 .debug_macro   0x00000000       0x82 ./src/Uart.o
 .debug_line    0x00000000      0x2ec ./src/Uart.o
 .debug_str     0x00000000     0x8b6e ./src/Uart.o
 .comment       0x00000000       0x4e ./src/Uart.o
 .debug_frame   0x00000000       0x58 ./src/Uart.o
 .ARM.attributes
                0x00000000       0x2d ./src/Uart.o
 .group         0x00000000        0xc ./src/Utils.o
 .group         0x00000000        0xc ./src/Utils.o
 .group         0x00000000        0xc ./src/Utils.o
 .group         0x00000000        0xc ./src/Utils.o
 .group         0x00000000        0xc ./src/Utils.o
 .group         0x00000000        0xc ./src/Utils.o
 .group         0x00000000        0xc ./src/Utils.o
 .group         0x00000000        0xc ./src/Utils.o
 .group         0x00000000        0xc ./src/Utils.o
 .group         0x00000000        0xc ./src/Utils.o
 .text          0x00000000        0x0 ./src/Utils.o
 .data          0x00000000        0x0 ./src/Utils.o
 .bss           0x00000000        0x0 ./src/Utils.o
 .debug_macro   0x00000000      0xa7e ./src/Utils.o
 .debug_macro   0x00000000       0x1c ./src/Utils.o
 .debug_macro   0x00000000       0x2e ./src/Utils.o
 .debug_macro   0x00000000       0x10 ./src/Utils.o
 .debug_macro   0x00000000      0x12e ./src/Utils.o
 .debug_macro   0x00000000      0x5b3 ./src/Utils.o
 .debug_macro   0x00000000       0x18 ./src/Utils.o
 .debug_macro   0x00000000      0x7af ./src/Utils.o
 .debug_macro   0x00000000      0x2c7 ./src/Utils.o
 .debug_macro   0x00000000       0x82 ./src/Utils.o
 .group         0x00000000        0xc ./src/cr_startup_lpc175x_6x.o
 .text          0x00000000        0x0 ./src/cr_startup_lpc175x_6x.o
 .data          0x00000000        0x0 ./src/cr_startup_lpc175x_6x.o
 .bss           0x00000000        0x0 ./src/cr_startup_lpc175x_6x.o
 .debug_macro   0x00000000      0xa7e ./src/cr_startup_lpc175x_6x.o
 .group         0x00000000        0xc ./src/crp.o
 .group         0x00000000        0xc ./src/crp.o
 .text          0x00000000        0x0 ./src/crp.o
 .data          0x00000000        0x0 ./src/crp.o
 .bss           0x00000000        0x0 ./src/crp.o
 .debug_macro   0x00000000      0xa7e ./src/crp.o
 .group         0x00000000        0xc ./src/main.o
 .group         0x00000000        0xc ./src/main.o
 .group         0x00000000        0xc ./src/main.o
 .group         0x00000000        0xc ./src/main.o
 .group         0x00000000        0xc ./src/main.o
 .group         0x00000000        0xc ./src/main.o
 .group         0x00000000        0xc ./src/main.o
 .group         0x00000000        0xc ./src/main.o
 .group         0x00000000        0xc ./src/main.o
 .group         0x00000000        0xc ./src/main.o
 .text          0x00000000        0x0 ./src/main.o
 .data          0x00000000        0x0 ./src/main.o
 .bss           0x00000000        0x0 ./src/main.o
 .bss.ingresadoPorTeclado
                0x00000000        0xa ./src/main.o
 .data.precioNafta
                0x00000000        0x4 ./src/main.o
 .data.precioGasoil
                0x00000000        0x4 ./src/main.o
 .data.modoCombustible
                0x00000000        0x1 ./src/main.o
 .data.modoCarga
                0x00000000        0x1 ./src/main.o
 .data.estadoDispenser
                0x00000000        0x1 ./src/main.o
 .debug_macro   0x00000000      0xa7e ./src/main.o
 .debug_macro   0x00000000       0x1c ./src/main.o
 .debug_macro   0x00000000       0x2e ./src/main.o
 .debug_macro   0x00000000       0x10 ./src/main.o
 .debug_macro   0x00000000      0x12e ./src/main.o
 .debug_macro   0x00000000      0x5b3 ./src/main.o
 .debug_macro   0x00000000       0x18 ./src/main.o
 .debug_macro   0x00000000      0x7af ./src/main.o
 .debug_macro   0x00000000      0x2c7 ./src/main.o
 .debug_macro   0x00000000       0x82 ./src/main.o
 .group         0x00000000        0xc C:\Users\Scoles\Documents\MCUXpressoIDE_11.4.1_6260\workspace\CMSISv2p00_LPC17xx\Debug\libCMSISv2p00_LPC17xx.a(system_LPC17xx.o)
 .group         0x00000000        0xc C:\Users\Scoles\Documents\MCUXpressoIDE_11.4.1_6260\workspace\CMSISv2p00_LPC17xx\Debug\libCMSISv2p00_LPC17xx.a(system_LPC17xx.o)
 .group         0x00000000        0xc C:\Users\Scoles\Documents\MCUXpressoIDE_11.4.1_6260\workspace\CMSISv2p00_LPC17xx\Debug\libCMSISv2p00_LPC17xx.a(system_LPC17xx.o)
 .group         0x00000000        0xc C:\Users\Scoles\Documents\MCUXpressoIDE_11.4.1_6260\workspace\CMSISv2p00_LPC17xx\Debug\libCMSISv2p00_LPC17xx.a(system_LPC17xx.o)
 .group         0x00000000        0xc C:\Users\Scoles\Documents\MCUXpressoIDE_11.4.1_6260\workspace\CMSISv2p00_LPC17xx\Debug\libCMSISv2p00_LPC17xx.a(system_LPC17xx.o)
 .group         0x00000000        0xc C:\Users\Scoles\Documents\MCUXpressoIDE_11.4.1_6260\workspace\CMSISv2p00_LPC17xx\Debug\libCMSISv2p00_LPC17xx.a(system_LPC17xx.o)
 .group         0x00000000        0xc C:\Users\Scoles\Documents\MCUXpressoIDE_11.4.1_6260\workspace\CMSISv2p00_LPC17xx\Debug\libCMSISv2p00_LPC17xx.a(system_LPC17xx.o)
 .group         0x00000000        0xc C:\Users\Scoles\Documents\MCUXpressoIDE_11.4.1_6260\workspace\CMSISv2p00_LPC17xx\Debug\libCMSISv2p00_LPC17xx.a(system_LPC17xx.o)
 .group         0x00000000        0xc C:\Users\Scoles\Documents\MCUXpressoIDE_11.4.1_6260\workspace\CMSISv2p00_LPC17xx\Debug\libCMSISv2p00_LPC17xx.a(system_LPC17xx.o)
 .text          0x00000000        0x0 C:\Users\Scoles\Documents\MCUXpressoIDE_11.4.1_6260\workspace\CMSISv2p00_LPC17xx\Debug\libCMSISv2p00_LPC17xx.a(system_LPC17xx.o)
 .data          0x00000000        0x0 C:\Users\Scoles\Documents\MCUXpressoIDE_11.4.1_6260\workspace\CMSISv2p00_LPC17xx\Debug\libCMSISv2p00_LPC17xx.a(system_LPC17xx.o)
 .bss           0x00000000        0x0 C:\Users\Scoles\Documents\MCUXpressoIDE_11.4.1_6260\workspace\CMSISv2p00_LPC17xx\Debug\libCMSISv2p00_LPC17xx.a(system_LPC17xx.o)
 .text.SystemCoreClockUpdate
                0x00000000       0xb8 C:\Users\Scoles\Documents\MCUXpressoIDE_11.4.1_6260\workspace\CMSISv2p00_LPC17xx\Debug\libCMSISv2p00_LPC17xx.a(system_LPC17xx.o)
 .debug_macro   0x00000000       0x10 C:\Users\Scoles\Documents\MCUXpressoIDE_11.4.1_6260\workspace\CMSISv2p00_LPC17xx\Debug\libCMSISv2p00_LPC17xx.a(system_LPC17xx.o)
 .debug_macro   0x00000000      0x12e C:\Users\Scoles\Documents\MCUXpressoIDE_11.4.1_6260\workspace\CMSISv2p00_LPC17xx\Debug\libCMSISv2p00_LPC17xx.a(system_LPC17xx.o)
 .debug_macro   0x00000000      0x5b3 C:\Users\Scoles\Documents\MCUXpressoIDE_11.4.1_6260\workspace\CMSISv2p00_LPC17xx\Debug\libCMSISv2p00_LPC17xx.a(system_LPC17xx.o)
 .debug_macro   0x00000000       0x1c C:\Users\Scoles\Documents\MCUXpressoIDE_11.4.1_6260\workspace\CMSISv2p00_LPC17xx\Debug\libCMSISv2p00_LPC17xx.a(system_LPC17xx.o)
 .debug_macro   0x00000000       0x2e C:\Users\Scoles\Documents\MCUXpressoIDE_11.4.1_6260\workspace\CMSISv2p00_LPC17xx\Debug\libCMSISv2p00_LPC17xx.a(system_LPC17xx.o)
 .debug_macro   0x00000000       0x18 C:\Users\Scoles\Documents\MCUXpressoIDE_11.4.1_6260\workspace\CMSISv2p00_LPC17xx\Debug\libCMSISv2p00_LPC17xx.a(system_LPC17xx.o)
 .debug_macro   0x00000000      0x7af C:\Users\Scoles\Documents\MCUXpressoIDE_11.4.1_6260\workspace\CMSISv2p00_LPC17xx\Debug\libCMSISv2p00_LPC17xx.a(system_LPC17xx.o)
 .debug_macro   0x00000000      0x2c7 C:\Users\Scoles\Documents\MCUXpressoIDE_11.4.1_6260\workspace\CMSISv2p00_LPC17xx\Debug\libCMSISv2p00_LPC17xx.a(system_LPC17xx.o)
 .text          0x00000000        0x0 c:/nxp/mcuxpressoide_11.4.1_6260/ide/plugins/com.nxp.mcuxpresso.tools.win32_11.4.0.202103011116/tools/bin/../lib/gcc/arm-none-eabi/10.2.1/../../../../arm-none-eabi/lib/thumb/v7-m/nofp\libcr_c.a(__weak__main.o)
 .data          0x00000000        0x0 c:/nxp/mcuxpressoide_11.4.1_6260/ide/plugins/com.nxp.mcuxpresso.tools.win32_11.4.0.202103011116/tools/bin/../lib/gcc/arm-none-eabi/10.2.1/../../../../arm-none-eabi/lib/thumb/v7-m/nofp\libcr_c.a(__weak__main.o)
 .bss           0x00000000        0x0 c:/nxp/mcuxpressoide_11.4.1_6260/ide/plugins/com.nxp.mcuxpresso.tools.win32_11.4.0.202103011116/tools/bin/../lib/gcc/arm-none-eabi/10.2.1/../../../../arm-none-eabi/lib/thumb/v7-m/nofp\libcr_c.a(__weak__main.o)
 .text          0x00000000        0x0 c:/nxp/mcuxpressoide_11.4.1_6260/ide/plugins/com.nxp.mcuxpresso.tools.win32_11.4.0.202103011116/tools/bin/../lib/gcc/arm-none-eabi/10.2.1/thumb/v7-m/nofp\libcr_eabihelpers.a(division_64.o)
 .data          0x00000000        0x0 c:/nxp/mcuxpressoide_11.4.1_6260/ide/plugins/com.nxp.mcuxpresso.tools.win32_11.4.0.202103011116/tools/bin/../lib/gcc/arm-none-eabi/10.2.1/thumb/v7-m/nofp\libcr_eabihelpers.a(division_64.o)
 .bss           0x00000000        0x0 c:/nxp/mcuxpressoide_11.4.1_6260/ide/plugins/com.nxp.mcuxpresso.tools.win32_11.4.0.202103011116/tools/bin/../lib/gcc/arm-none-eabi/10.2.1/thumb/v7-m/nofp\libcr_eabihelpers.a(division_64.o)
 .text.__aeabi_division_ldivmod
                0x00000000       0x26 c:/nxp/mcuxpressoide_11.4.1_6260/ide/plugins/com.nxp.mcuxpresso.tools.win32_11.4.0.202103011116/tools/bin/../lib/gcc/arm-none-eabi/10.2.1/thumb/v7-m/nofp\libcr_eabihelpers.a(division_64.o)
 .text.__aeabi_division_uldivmod
                0x00000000      0x174 c:/nxp/mcuxpressoide_11.4.1_6260/ide/plugins/com.nxp.mcuxpresso.tools.win32_11.4.0.202103011116/tools/bin/../lib/gcc/arm-none-eabi/10.2.1/thumb/v7-m/nofp\libcr_eabihelpers.a(division_64.o)
 .ARM.attributes
                0x00000000       0x1b c:/nxp/mcuxpressoide_11.4.1_6260/ide/plugins/com.nxp.mcuxpresso.tools.win32_11.4.0.202103011116/tools/bin/../lib/gcc/arm-none-eabi/10.2.1/thumb/v7-m/nofp\libcr_eabihelpers.a(division_64.o)
 .text          0x00000000        0x0 c:/nxp/mcuxpressoide_11.4.1_6260/ide/plugins/com.nxp.mcuxpresso.tools.win32_11.4.0.202103011116/tools/bin/../lib/gcc/arm-none-eabi/10.2.1/thumb/v7-m/nofp\libcr_eabihelpers.a(division_idiv0.o)
 .data          0x00000000        0x0 c:/nxp/mcuxpressoide_11.4.1_6260/ide/plugins/com.nxp.mcuxpresso.tools.win32_11.4.0.202103011116/tools/bin/../lib/gcc/arm-none-eabi/10.2.1/thumb/v7-m/nofp\libcr_eabihelpers.a(division_idiv0.o)
 .bss           0x00000000        0x0 c:/nxp/mcuxpressoide_11.4.1_6260/ide/plugins/com.nxp.mcuxpresso.tools.win32_11.4.0.202103011116/tools/bin/../lib/gcc/arm-none-eabi/10.2.1/thumb/v7-m/nofp\libcr_eabihelpers.a(division_idiv0.o)
 .text.__aeabi_division_idiv0
                0x00000000        0x2 c:/nxp/mcuxpressoide_11.4.1_6260/ide/plugins/com.nxp.mcuxpresso.tools.win32_11.4.0.202103011116/tools/bin/../lib/gcc/arm-none-eabi/10.2.1/thumb/v7-m/nofp\libcr_eabihelpers.a(division_idiv0.o)
 .ARM.attributes
                0x00000000       0x1b c:/nxp/mcuxpressoide_11.4.1_6260/ide/plugins/com.nxp.mcuxpresso.tools.win32_11.4.0.202103011116/tools/bin/../lib/gcc/arm-none-eabi/10.2.1/thumb/v7-m/nofp\libcr_eabihelpers.a(division_idiv0.o)

Memory Configuration

Name             Origin             Length             Attributes
MFlash512        0x00000000         0x00080000         xr
RamLoc32         0x10000000         0x00008000         xrw
RamAHB32         0x2007c000         0x00008000         xrw
*default*        0x00000000         0xffffffff

Linker script and memory map

LOAD ./src/Teclado.o
LOAD ./src/Uart.o
LOAD ./src/Utils.o
LOAD ./src/cr_startup_lpc175x_6x.o
LOAD ./src/crp.o
LOAD ./src/main.o
LOAD C:\Users\Scoles\Documents\MCUXpressoIDE_11.4.1_6260\workspace\CMSISv2p00_LPC17xx\Debug\libCMSISv2p00_LPC17xx.a
START GROUP
LOAD c:/nxp/mcuxpressoide_11.4.1_6260/ide/plugins/com.nxp.mcuxpresso.tools.win32_11.4.0.202103011116/tools/bin/../lib/gcc/arm-none-eabi/10.2.1/../../../../arm-none-eabi/lib/thumb/v7-m/nofp\libcr_c.a
LOAD c:/nxp/mcuxpressoide_11.4.1_6260/ide/plugins/com.nxp.mcuxpresso.tools.win32_11.4.0.202103011116/tools/bin/../lib/gcc/arm-none-eabi/10.2.1/thumb/v7-m/nofp\libcr_eabihelpers.a
LOAD c:/nxp/mcuxpressoide_11.4.1_6260/ide/plugins/com.nxp.mcuxpresso.tools.win32_11.4.0.202103011116/tools/bin/../lib/gcc/arm-none-eabi/10.2.1/thumb/v7-m/nofp\libgcc.a
END GROUP
                0x00000000                __base_MFlash512 = 0x0
                0x00000000                __base_Flash = 0x0
                0x00080000                __top_MFlash512 = 0x80000
                0x00080000                __top_Flash = 0x80000
                0x10000000                __base_RamLoc32 = 0x10000000
                0x10000000                __base_RAM = 0x10000000
                0x10008000                __top_RamLoc32 = 0x10008000
                0x10008000                __top_RAM = 0x10008000
                0x2007c000                __base_RamAHB32 = 0x2007c000
                0x2007c000                __base_RAM2 = 0x2007c000
                0x20084000                __top_RamAHB32 = 0x20084000
                0x20084000                __top_RAM2 = 0x20084000

.text           0x00000000      0x614
 FILL mask 0xff
                0x00000000                __vectors_start__ = ABSOLUTE (.)
 *(.isr_vector)
 .isr_vector    0x00000000       0xcc ./src/cr_startup_lpc175x_6x.o
                0x00000000                g_pfnVectors
                0x000000cc                . = ALIGN (0x4)
                0x000000cc                __section_table_start = .
                0x000000cc                __data_section_table = .
                0x000000cc        0x4 LONG 0x614 LOADADDR (.data)
                0x000000d0        0x4 LONG 0x10000000 ADDR (.data)
                0x000000d4        0x4 LONG 0x34 SIZEOF (.data)
                0x000000d8        0x4 LONG 0x614 LOADADDR (.data_RAM2)
                0x000000dc        0x4 LONG 0x2007c000 ADDR (.data_RAM2)
                0x000000e0        0x4 LONG 0x0 SIZEOF (.data_RAM2)
                0x000000e4                __data_section_table_end = .
                0x000000e4                __bss_section_table = .
                0x000000e4        0x4 LONG 0x10000034 ADDR (.bss)
                0x000000e8        0x4 LONG 0x0 SIZEOF (.bss)
                0x000000ec        0x4 LONG 0x2007c000 ADDR (.bss_RAM2)
                0x000000f0        0x4 LONG 0x0 SIZEOF (.bss_RAM2)
                0x000000f4                __bss_section_table_end = .
                0x000000f4                __section_table_end = .
 *(.after_vectors*)
 .after_vectors
                0x000000f4      0x130 ./src/cr_startup_lpc175x_6x.o
                0x000000f4                data_init
                0x00000138                bss_init
                0x00000170                ResetISR
                0x000001e8                NMI_Handler
                0x000001ee                HardFault_Handler
                0x000001f4                MemManage_Handler
                0x000001fa                BusFault_Handler
                0x00000200                UsageFault_Handler
                0x00000206                SVC_Handler
                0x0000020c                DebugMon_Handler
                0x00000212                PendSV_Handler
                0x00000218                SysTick_Handler
                0x0000021e                UART1_IRQHandler
                0x0000021e                CANActivity_IRQHandler
                0x0000021e                TIMER3_IRQHandler
                0x0000021e                UART0_IRQHandler
                0x0000021e                EINT2_IRQHandler
                0x0000021e                USBActivity_IRQHandler
                0x0000021e                IntDefaultHandler
                0x0000021e                PLL0_IRQHandler
                0x0000021e                CAN_IRQHandler
                0x0000021e                I2C0_IRQHandler
                0x0000021e                I2C1_IRQHandler
                0x0000021e                I2S_IRQHandler
                0x0000021e                I2C2_IRQHandler
                0x0000021e                RTC_IRQHandler
                0x0000021e                TIMER0_IRQHandler
                0x0000021e                SPI_IRQHandler
                0x0000021e                RIT_IRQHandler
                0x0000021e                EINT1_IRQHandler
                0x0000021e                TIMER1_IRQHandler
                0x0000021e                UART2_IRQHandler
                0x0000021e                ADC_IRQHandler
                0x0000021e                SSP1_IRQHandler
                0x0000021e                USB_IRQHandler
                0x0000021e                BOD_IRQHandler
                0x0000021e                SSP0_IRQHandler
                0x0000021e                WDT_IRQHandler
                0x0000021e                PWM1_IRQHandler
                0x0000021e                QEI_IRQHandler
                0x0000021e                EINT0_IRQHandler
                0x0000021e                PLL1_IRQHandler
                0x0000021e                DMA_IRQHandler
                0x0000021e                TIMER2_IRQHandler
                0x0000021e                UART3_IRQHandler
                0x0000021e                MCPWM_IRQHandler
                0x0000021e                ENET_IRQHandler
                0x000002fc                . = 0x2fc
 *fill*         0x00000224       0xd8 ff
                0x000002fc                PROVIDE (__CRP_WORD_START__ = .)
 *(.crp)
 .crp           0x000002fc        0x4 ./src/crp.o
                0x000002fc                CRP_WORD
                0x00000300                PROVIDE (__CRP_WORD_END__ = .)
                0x00000001                ASSERT (! ((__CRP_WORD_START__ == __CRP_WORD_END__)), Linker CRP Enabled, but no CRP_WORD provided within application)
 *(.text*)
 .text.NVIC_EnableIRQ
                0x00000300       0x30 ./src/Teclado.o
 .text.NVIC_DisableIRQ
                0x00000330       0x34 ./src/Teclado.o
 .text.loopTeclado
                0x00000364       0xdc ./src/Teclado.o
                0x00000364                loopTeclado
 .text.EINT3_IRQHandler
                0x00000440       0x54 ./src/Teclado.o
                0x00000440                EINT3_IRQHandler
 .text.retardoEnSeg
                0x00000494       0x34 ./src/Utils.o
                0x00000494                retardoEnSeg
 .text.retardoEnMs
                0x000004c8       0x28 ./src/Utils.o
                0x000004c8                retardoEnMs
 .text.main     0x000004f0       0x48 ./src/main.o
                0x000004f0                main
 .text.SystemInit
                0x00000538       0xd8 C:\Users\Scoles\Documents\MCUXpressoIDE_11.4.1_6260\workspace\CMSISv2p00_LPC17xx\Debug\libCMSISv2p00_LPC17xx.a(system_LPC17xx.o)
                0x00000538                SystemInit
 .text.__weak_main
                0x00000610        0x4 c:/nxp/mcuxpressoide_11.4.1_6260/ide/plugins/com.nxp.mcuxpresso.tools.win32_11.4.0.202103011116/tools/bin/../lib/gcc/arm-none-eabi/10.2.1/../../../../arm-none-eabi/lib/thumb/v7-m/nofp\libcr_c.a(__weak__main.o)
                0x00000610                __weak_main
                0x00000610                __main
 *(.rodata .rodata.* .constdata .constdata.*)
                0x00000614                . = ALIGN (0x4)

.glue_7         0x00000614        0x0
 .glue_7        0x00000614        0x0 linker stubs

.glue_7t        0x00000614        0x0
 .glue_7t       0x00000614        0x0 linker stubs

.vfp11_veneer   0x00000614        0x0
 .vfp11_veneer  0x00000614        0x0 linker stubs

.v4_bx          0x00000614        0x0
 .v4_bx         0x00000614        0x0 linker stubs

.iplt           0x00000614        0x0
 .iplt          0x00000614        0x0 ./src/Teclado.o

.rel.dyn        0x00000614        0x0
 .rel.iplt      0x00000614        0x0 ./src/Teclado.o

.ARM.extab
 *(.ARM.extab* .gnu.linkonce.armextab.*)

.ARM.exidx      0x00000614        0x0
                0x00000614                __exidx_start = .
 *(.ARM.exidx* .gnu.linkonce.armexidx.*)
                0x00000614                __exidx_end = .
                0x00000614                _etext = .

.data_RAM2      0x2007c000        0x0 load address 0x00000614
 FILL mask 0xff
                [!provide]                PROVIDE (__start_data_RAM2 = .)
                [!provide]                PROVIDE (__start_data_RamAHB32 = .)
 *(.ramfunc.$RAM2)
 *(.ramfunc.$RamAHB32)
 *(.data.$RAM2)
 *(.data.$RamAHB32)
 *(.data.$RAM2.*)
 *(.data.$RamAHB32.*)
                0x2007c000                . = ALIGN (0x4)
                [!provide]                PROVIDE (__end_data_RAM2 = .)
                [!provide]                PROVIDE (__end_data_RamAHB32 = .)

.uninit_RESERVED
                0x10000000        0x0
                0x10000000                _start_uninit_RESERVED = .
 *(.bss.$RESERVED*)
                0x10000000                . = ALIGN (0x4)
                0x10000000                _end_uninit_RESERVED = .

.data           0x10000000       0x34 load address 0x00000614
 FILL mask 0xff
                0x10000000                _data = .
                [!provide]                PROVIDE (__start_data_RAM = .)
                [!provide]                PROVIDE (__start_data_RamLoc32 = .)
 *(vtable)
 *(.ramfunc*)
 *(CodeQuickAccess)
 *(DataQuickAccess)
 *(RamFunction)
 *(.data*)
 .data.pinesFilas
                0x10000000       0x10 ./src/Teclado.o
                0x10000000                pinesFilas
 .data.pinesColumnas
                0x10000010       0x10 ./src/Teclado.o
                0x10000010                pinesColumnas
 .data.teclas   0x10000020       0x10 ./src/Teclado.o
                0x10000020                teclas
 .data.SystemCoreClock
                0x10000030        0x4 C:\Users\Scoles\Documents\MCUXpressoIDE_11.4.1_6260\workspace\CMSISv2p00_LPC17xx\Debug\libCMSISv2p00_LPC17xx.a(system_LPC17xx.o)
                0x10000030                SystemCoreClock
                0x10000034                . = ALIGN (0x4)
                0x10000034                _edata = .
                [!provide]                PROVIDE (__end_data_RAM = .)
                [!provide]                PROVIDE (__end_data_RamLoc32 = .)

.igot.plt       0x10000034        0x0 load address 0x00000648
 .igot.plt      0x10000034        0x0 ./src/Teclado.o

.bss_RAM2       0x2007c000        0x0
                [!provide]                PROVIDE (__start_bss_RAM2 = .)
                [!provide]                PROVIDE (__start_bss_RamAHB32 = .)
 *(.bss.$RAM2)
 *(.bss.$RamAHB32)
 *(.bss.$RAM2.*)
 *(.bss.$RamAHB32.*)
                0x2007c000                . = ALIGN ((. != 0x0)?0x4:0x1)
                [!provide]                PROVIDE (__end_bss_RAM2 = .)
                [!provide]                PROVIDE (__end_bss_RamAHB32 = .)

.bss            0x10000034        0x0
                0x10000034                _bss = .
                [!provide]                PROVIDE (__start_bss_RAM = .)
                [!provide]                PROVIDE (__start_bss_RamLoc32 = .)
 *(.bss*)
 *(COMMON)
                0x10000034                . = ALIGN (0x4)
                0x10000034                _ebss = .
                [!provide]                PROVIDE (__end_bss_RAM = .)
                [!provide]                PROVIDE (__end_bss_RamLoc32 = .)
                [!provide]                PROVIDE (end = .)

.noinit_RAM2    0x2007c000        0x0
                [!provide]                PROVIDE (__start_noinit_RAM2 = .)
                [!provide]                PROVIDE (__start_noinit_RamAHB32 = .)
 *(.noinit.$RAM2)
 *(.noinit.$RamAHB32)
 *(.noinit.$RAM2.*)
 *(.noinit.$RamAHB32.*)
                0x2007c000                . = ALIGN (0x4)
                [!provide]                PROVIDE (__end_noinit_RAM2 = .)
                [!provide]                PROVIDE (__end_noinit_RamAHB32 = .)

.noinit         0x10000034        0x0
                0x10000034                _noinit = .
                [!provide]                PROVIDE (__start_noinit_RAM = .)
                [!provide]                PROVIDE (__start_noinit_RamLoc32 = .)
 *(.noinit*)
                0x10000034                . = ALIGN (0x4)
                0x10000034                _end_noinit = .
                [!provide]                PROVIDE (__end_noinit_RAM = .)
                [!provide]                PROVIDE (__end_noinit_RamLoc32 = .)
                [!provide]                PROVIDE (_pvHeapStart = DEFINED (__user_heap_base)?__user_heap_base:.)
                0x10008000                PROVIDE (_vStackTop = DEFINED (__user_stack_top)?__user_stack_top:(__top_RamLoc32 - 0x0))
                0xefff74c6                PROVIDE (__valid_user_code_checksum = (0x0 - ((((((_vStackTop + (ResetISR + 0x1)) + (NMI_Handler + 0x1)) + (HardFault_Handler + 0x1)) + (DEFINED (MemManage_Handler)?MemManage_Handler:0x0 + 0x1)) + (DEFINED (BusFault_Handler)?BusFault_Handler:0x0 + 0x1)) + (DEFINED (UsageFault_Handler)?UsageFault_Handler:0x0 + 0x1))))
                0x00000000                _image_start = LOADADDR (.text)
                0x00000648                _image_end = (LOADADDR (.data) + SIZEOF (.data))
                0x00000648                _image_size = (_image_end - _image_start)
OUTPUT(surtidor-de-nafta.axf elf32-littlearm)
LOAD linker stubs

.debug_info     0x00000000     0x14ea
 .debug_info    0x00000000      0x9c7 ./src/Teclado.o
 .debug_info    0x000009c7       0xea ./src/Utils.o
 .debug_info    0x00000ab1      0x27f ./src/cr_startup_lpc175x_6x.o
 .debug_info    0x00000d30       0x40 ./src/crp.o
 .debug_info    0x00000d70      0x433 ./src/main.o
 .debug_info    0x000011a3      0x347 C:\Users\Scoles\Documents\MCUXpressoIDE_11.4.1_6260\workspace\CMSISv2p00_LPC17xx\Debug\libCMSISv2p00_LPC17xx.a(system_LPC17xx.o)

.debug_abbrev   0x00000000      0x608
 .debug_abbrev  0x00000000      0x21c ./src/Teclado.o
 .debug_abbrev  0x0000021c       0x8e ./src/Utils.o
 .debug_abbrev  0x000002aa      0x122 ./src/cr_startup_lpc175x_6x.o
 .debug_abbrev  0x000003cc       0x38 ./src/crp.o
 .debug_abbrev  0x00000404       0xf6 ./src/main.o
 .debug_abbrev  0x000004fa      0x10e C:\Users\Scoles\Documents\MCUXpressoIDE_11.4.1_6260\workspace\CMSISv2p00_LPC17xx\Debug\libCMSISv2p00_LPC17xx.a(system_LPC17xx.o)

.debug_aranges  0x00000000      0x158
 .debug_aranges
                0x00000000       0x50 ./src/Teclado.o
 .debug_aranges
                0x00000050       0x28 ./src/Utils.o
 .debug_aranges
                0x00000078       0x80 ./src/cr_startup_lpc175x_6x.o
 .debug_aranges
                0x000000f8       0x18 ./src/crp.o
 .debug_aranges
                0x00000110       0x20 ./src/main.o
 .debug_aranges
                0x00000130       0x28 C:\Users\Scoles\Documents\MCUXpressoIDE_11.4.1_6260\workspace\CMSISv2p00_LPC17xx\Debug\libCMSISv2p00_LPC17xx.a(system_LPC17xx.o)

.debug_ranges   0x00000000       0xf0
 .debug_ranges  0x00000000       0x40 ./src/Teclado.o
 .debug_ranges  0x00000040       0x18 ./src/Utils.o
 .debug_ranges  0x00000058       0x70 ./src/cr_startup_lpc175x_6x.o
 .debug_ranges  0x000000c8       0x10 ./src/main.o
 .debug_ranges  0x000000d8       0x18 C:\Users\Scoles\Documents\MCUXpressoIDE_11.4.1_6260\workspace\CMSISv2p00_LPC17xx\Debug\libCMSISv2p00_LPC17xx.a(system_LPC17xx.o)

.debug_macro    0x00000000     0x2a79
 .debug_macro   0x00000000       0x88 ./src/Teclado.o
 .debug_macro   0x00000088      0xa7e ./src/Teclado.o
 .debug_macro   0x00000b06       0x1c ./src/Teclado.o
 .debug_macro   0x00000b22       0x2e ./src/Teclado.o
 .debug_macro   0x00000b50       0x10 ./src/Teclado.o
 .debug_macro   0x00000b60      0x12e ./src/Teclado.o
 .debug_macro   0x00000c8e      0x5b3 ./src/Teclado.o
 .debug_macro   0x00001241       0x18 ./src/Teclado.o
 .debug_macro   0x00001259      0x7af ./src/Teclado.o
 .debug_macro   0x00001a08      0x2c7 ./src/Teclado.o
 .debug_macro   0x00001ccf       0x82 ./src/Teclado.o
 .debug_macro   0x00001d51       0x7e ./src/Utils.o
 .debug_macro   0x00001dcf       0x1d ./src/cr_startup_lpc175x_6x.o
 .debug_macro   0x00001dec       0x1a ./src/crp.o
 .debug_macro   0x00001e06       0x34 ./src/crp.o
 .debug_macro   0x00001e3a       0x9c ./src/main.o
 .debug_macro   0x00001ed6      0x12b C:\Users\Scoles\Documents\MCUXpressoIDE_11.4.1_6260\workspace\CMSISv2p00_LPC17xx\Debug\libCMSISv2p00_LPC17xx.a(system_LPC17xx.o)
 .debug_macro   0x00002001      0xa78 C:\Users\Scoles\Documents\MCUXpressoIDE_11.4.1_6260\workspace\CMSISv2p00_LPC17xx\Debug\libCMSISv2p00_LPC17xx.a(system_LPC17xx.o)

.debug_line     0x00000000     0x10fb
 .debug_line    0x00000000      0x4de ./src/Teclado.o
 .debug_line    0x000004de      0x2e9 ./src/Utils.o
 .debug_line    0x000007c7      0x160 ./src/cr_startup_lpc175x_6x.o
 .debug_line    0x00000927       0xb1 ./src/crp.o
 .debug_line    0x000009d8      0x2ef ./src/main.o
 .debug_line    0x00000cc7      0x434 C:\Users\Scoles\Documents\MCUXpressoIDE_11.4.1_6260\workspace\CMSISv2p00_LPC17xx\Debug\libCMSISv2p00_LPC17xx.a(system_LPC17xx.o)

.debug_str      0x00000000     0x9667
 .debug_str     0x00000000     0x8d8f ./src/Teclado.o
                               0x8e12 (size before relaxing)
 .debug_str     0x00008d8f       0x48 ./src/Utils.o
                               0x8908 (size before relaxing)
 .debug_str     0x00008dd7      0x1c2 ./src/cr_startup_lpc175x_6x.o
                               0x2eb8 (size before relaxing)
 .debug_str     0x00008f99       0xe9 ./src/crp.o
                               0x2dd9 (size before relaxing)
 .debug_str     0x00009082       0x98 ./src/main.o
                               0x8ab6 (size before relaxing)
 .debug_str     0x0000911a      0x54d C:\Users\Scoles\Documents\MCUXpressoIDE_11.4.1_6260\workspace\CMSISv2p00_LPC17xx\Debug\libCMSISv2p00_LPC17xx.a(system_LPC17xx.o)
                               0x88bd (size before relaxing)

.comment        0x00000000       0x4d
 .comment       0x00000000       0x4d ./src/Teclado.o
                                 0x4e (size before relaxing)
 .comment       0x0000004d       0x4e ./src/Utils.o
 .comment       0x0000004d       0x4e ./src/cr_startup_lpc175x_6x.o
 .comment       0x0000004d       0x4e ./src/crp.o
 .comment       0x0000004d       0x4e ./src/main.o
 .comment       0x0000004d       0x4e C:\Users\Scoles\Documents\MCUXpressoIDE_11.4.1_6260\workspace\CMSISv2p00_LPC17xx\Debug\libCMSISv2p00_LPC17xx.a(system_LPC17xx.o)
 .comment       0x0000004d       0x4e c:/nxp/mcuxpressoide_11.4.1_6260/ide/plugins/com.nxp.mcuxpresso.tools.win32_11.4.0.202103011116/tools/bin/../lib/gcc/arm-none-eabi/10.2.1/../../../../arm-none-eabi/lib/thumb/v7-m/nofp\libcr_c.a(__weak__main.o)

.ARM.attributes
                0x00000000       0x2b
 .ARM.attributes
                0x00000000       0x2d ./src/Teclado.o
 .ARM.attributes
                0x0000002d       0x2d ./src/Utils.o
 .ARM.attributes
                0x0000005a       0x2d ./src/cr_startup_lpc175x_6x.o
 .ARM.attributes
                0x00000087       0x33 ./src/crp.o
 .ARM.attributes
                0x000000ba       0x2d ./src/main.o
 .ARM.attributes
                0x000000e7       0x2d C:\Users\Scoles\Documents\MCUXpressoIDE_11.4.1_6260\workspace\CMSISv2p00_LPC17xx\Debug\libCMSISv2p00_LPC17xx.a(system_LPC17xx.o)
 .ARM.attributes
                0x00000114       0x2d c:/nxp/mcuxpressoide_11.4.1_6260/ide/plugins/com.nxp.mcuxpresso.tools.win32_11.4.0.202103011116/tools/bin/../lib/gcc/arm-none-eabi/10.2.1/../../../../arm-none-eabi/lib/thumb/v7-m/nofp\libcr_c.a(__weak__main.o)

.debug_frame    0x00000000      0x358
 .debug_frame   0x00000000      0x11c ./src/Teclado.o
 .debug_frame   0x0000011c       0x60 ./src/Utils.o
 .debug_frame   0x0000017c      0x170 ./src/cr_startup_lpc175x_6x.o
 .debug_frame   0x000002ec       0x30 ./src/main.o
 .debug_frame   0x0000031c       0x3c C:\Users\Scoles\Documents\MCUXpressoIDE_11.4.1_6260\workspace\CMSISv2p00_LPC17xx\Debug\libCMSISv2p00_LPC17xx.a(system_LPC17xx.o)

Cross Reference Table

Symbol                                            File
ADC_IRQHandler                                    ./src/cr_startup_lpc175x_6x.o
BOD_IRQHandler                                    ./src/cr_startup_lpc175x_6x.o
BusFault_Handler                                  ./src/cr_startup_lpc175x_6x.o
CANActivity_IRQHandler                            ./src/cr_startup_lpc175x_6x.o
CAN_IRQHandler                                    ./src/cr_startup_lpc175x_6x.o
CRP_WORD                                          ./src/crp.o
DMA_IRQHandler                                    ./src/cr_startup_lpc175x_6x.o
DebugMon_Handler                                  ./src/cr_startup_lpc175x_6x.o
EINT0_IRQHandler                                  ./src/cr_startup_lpc175x_6x.o
EINT1_IRQHandler                                  ./src/cr_startup_lpc175x_6x.o
EINT2_IRQHandler                                  ./src/cr_startup_lpc175x_6x.o
EINT3_IRQHandler                                  ./src/Teclado.o
ENET_IRQHandler                                   ./src/cr_startup_lpc175x_6x.o
HardFault_Handler                                 ./src/cr_startup_lpc175x_6x.o
I2C0_IRQHandler                                   ./src/cr_startup_lpc175x_6x.o
I2C1_IRQHandler                                   ./src/cr_startup_lpc175x_6x.o
I2C2_IRQHandler                                   ./src/cr_startup_lpc175x_6x.o
I2S_IRQHandler                                    ./src/cr_startup_lpc175x_6x.o
IntDefaultHandler                                 ./src/cr_startup_lpc175x_6x.o
MCPWM_IRQHandler                                  ./src/cr_startup_lpc175x_6x.o
MemManage_Handler                                 ./src/cr_startup_lpc175x_6x.o
NMI_Handler                                       ./src/cr_startup_lpc175x_6x.o
PLL0_IRQHandler                                   ./src/cr_startup_lpc175x_6x.o
PLL1_IRQHandler                                   ./src/cr_startup_lpc175x_6x.o
PWM1_IRQHandler                                   ./src/cr_startup_lpc175x_6x.o
PendSV_Handler                                    ./src/cr_startup_lpc175x_6x.o
QEI_IRQHandler                                    ./src/cr_startup_lpc175x_6x.o
RIT_IRQHandler                                    ./src/cr_startup_lpc175x_6x.o
RTC_IRQHandler                                    ./src/cr_startup_lpc175x_6x.o
ResetISR                                          ./src/cr_startup_lpc175x_6x.o
SPI_IRQHandler                                    ./src/cr_startup_lpc175x_6x.o
SSP0_IRQHandler                                   ./src/cr_startup_lpc175x_6x.o
SSP1_IRQHandler                                   ./src/cr_startup_lpc175x_6x.o
SVC_Handler                                       ./src/cr_startup_lpc175x_6x.o
SysTick_Handler                                   ./src/cr_startup_lpc175x_6x.o
SystemCoreClock                                   C:\Users\Scoles\Documents\MCUXpressoIDE_11.4.1_6260\workspace\CMSISv2p00_LPC17xx\Debug\libCMSISv2p00_LPC17xx.a(system_LPC17xx.o)
                                                  ./src/main.o
SystemCoreClockUpdate                             C:\Users\Scoles\Documents\MCUXpressoIDE_11.4.1_6260\workspace\CMSISv2p00_LPC17xx\Debug\libCMSISv2p00_LPC17xx.a(system_LPC17xx.o)
SystemInit                                        C:\Users\Scoles\Documents\MCUXpressoIDE_11.4.1_6260\workspace\CMSISv2p00_LPC17xx\Debug\libCMSISv2p00_LPC17xx.a(system_LPC17xx.o)
                                                  ./src/cr_startup_lpc175x_6x.o
TIMER0_IRQHandler                                 ./src/cr_startup_lpc175x_6x.o
TIMER1_IRQHandler                                 ./src/cr_startup_lpc175x_6x.o
TIMER2_IRQHandler                                 ./src/cr_startup_lpc175x_6x.o
TIMER3_IRQHandler                                 ./src/cr_startup_lpc175x_6x.o
UART0_IRQHandler                                  ./src/cr_startup_lpc175x_6x.o
UART1_IRQHandler                                  ./src/cr_startup_lpc175x_6x.o
UART2_IRQHandler                                  ./src/cr_startup_lpc175x_6x.o
UART3_IRQHandler                                  ./src/cr_startup_lpc175x_6x.o
USBActivity_IRQHandler                            ./src/cr_startup_lpc175x_6x.o
USB_IRQHandler                                    ./src/cr_startup_lpc175x_6x.o
UsageFault_Handler                                ./src/cr_startup_lpc175x_6x.o
WDT_IRQHandler                                    ./src/cr_startup_lpc175x_6x.o
__aeabi_idiv0                                     c:/nxp/mcuxpressoide_11.4.1_6260/ide/plugins/com.nxp.mcuxpresso.tools.win32_11.4.0.202103011116/tools/bin/../lib/gcc/arm-none-eabi/10.2.1/thumb/v7-m/nofp\libcr_eabihelpers.a(division_idiv0.o)
                                                  c:/nxp/mcuxpressoide_11.4.1_6260/ide/plugins/com.nxp.mcuxpresso.tools.win32_11.4.0.202103011116/tools/bin/../lib/gcc/arm-none-eabi/10.2.1/thumb/v7-m/nofp\libcr_eabihelpers.a(division_64.o)
__aeabi_ldivmod                                   c:/nxp/mcuxpressoide_11.4.1_6260/ide/plugins/com.nxp.mcuxpresso.tools.win32_11.4.0.202103011116/tools/bin/../lib/gcc/arm-none-eabi/10.2.1/thumb/v7-m/nofp\libcr_eabihelpers.a(division_64.o)
                                                  C:\Users\Scoles\Documents\MCUXpressoIDE_11.4.1_6260\workspace\CMSISv2p00_LPC17xx\Debug\libCMSISv2p00_LPC17xx.a(system_LPC17xx.o)
__aeabi_uldivmod                                  c:/nxp/mcuxpressoide_11.4.1_6260/ide/plugins/com.nxp.mcuxpresso.tools.win32_11.4.0.202103011116/tools/bin/../lib/gcc/arm-none-eabi/10.2.1/thumb/v7-m/nofp\libcr_eabihelpers.a(division_64.o)
                                                  C:\Users\Scoles\Documents\MCUXpressoIDE_11.4.1_6260\workspace\CMSISv2p00_LPC17xx\Debug\libCMSISv2p00_LPC17xx.a(system_LPC17xx.o)
__bhs_ldivmod1                                    c:/nxp/mcuxpressoide_11.4.1_6260/ide/plugins/com.nxp.mcuxpresso.tools.win32_11.4.0.202103011116/tools/bin/../lib/gcc/arm-none-eabi/10.2.1/thumb/v7-m/nofp\libcr_eabihelpers.a(division_64.o)
__bss_section_table_end                           ./src/cr_startup_lpc175x_6x.o
__data_section_table                              ./src/cr_startup_lpc175x_6x.o
__data_section_table_end                          ./src/cr_startup_lpc175x_6x.o
__main                                            c:/nxp/mcuxpressoide_11.4.1_6260/ide/plugins/com.nxp.mcuxpresso.tools.win32_11.4.0.202103011116/tools/bin/../lib/gcc/arm-none-eabi/10.2.1/../../../../arm-none-eabi/lib/thumb/v7-m/nofp\libcr_c.a(__weak__main.o)
                                                  ./src/cr_startup_lpc175x_6x.o
__valid_user_code_checksum                        ./src/cr_startup_lpc175x_6x.o
__weak_main                                       c:/nxp/mcuxpressoide_11.4.1_6260/ide/plugins/com.nxp.mcuxpresso.tools.win32_11.4.0.202103011116/tools/bin/../lib/gcc/arm-none-eabi/10.2.1/../../../../arm-none-eabi/lib/thumb/v7-m/nofp\libcr_c.a(__weak__main.o)
_vStackTop                                        ./src/cr_startup_lpc175x_6x.o
bss_init                                          ./src/cr_startup_lpc175x_6x.o
confIntGPIOPorEINT                                ./src/Teclado.o
configurarPuertosTeclado                          ./src/Teclado.o
configurarUart3                                   ./src/Uart.o
data_init                                         ./src/cr_startup_lpc175x_6x.o
enviarChar                                        ./src/Uart.o
estadoDispenser                                   ./src/main.o
g_pfnVectors                                      ./src/cr_startup_lpc175x_6x.o
ingresadoPorTeclado                               ./src/main.o
loopTeclado                                       ./src/Teclado.o
main                                              ./src/main.o
                                                  c:/nxp/mcuxpressoide_11.4.1_6260/ide/plugins/com.nxp.mcuxpresso.tools.win32_11.4.0.202103011116/tools/bin/../lib/gcc/arm-none-eabi/10.2.1/../../../../arm-none-eabi/lib/thumb/v7-m/nofp\libcr_c.a(__weak__main.o)
modoCarga                                         ./src/main.o
modoCombustible                                   ./src/main.o
pinesColumnas                                     ./src/Teclado.o
pinesFilas                                        ./src/Teclado.o
precioGasoil                                      ./src/main.o
precioNafta                                       ./src/main.o
retardoEnMs                                       ./src/Utils.o
                                                  ./src/Teclado.o
retardoEnSeg                                      ./src/Utils.o
                                                  ./src/main.o
teclas                                            ./src/Teclado.o
